Welcome to the XWin X Server
Vendor: Moba/X
Release: 1.21.1.15
OS: Windows 10  [Windows NT 10.0 build 26200] x86-on-x64
Package: version  built 2025-01-18)

XWin was started with the following command line:

D:\Site01\Site01\MobaXterm\slash\mx86_64b\bin\XWin_MobaX.exe 
 -silent-dup-error -notrayicon -nolisten inet6 -hostintitle +bs 
 -clipboard -nowgl -screen 0 @1 -multiwindow -noreset :0 

ddxProcessArgument - Initializing default screens
winInitializeScreenDefaults - primary monitor w 1536 h 864
winInitializeScreens - 1
winInitializeScreen - 0
ddxProcessArgument - screen - Found Valid ``@Monitor'' = 1 arg
(==) FontPath set to /usr/share/fonts/misc/
(==) FontPath set to D:\Site01\Site01\MobaXterm\slash\mx86_64b/usr/share/fonts/misc/
(==) FontPath set to /usr/share/fonts/TTF/
(==) FontPath set to D:\Site01\Site01\MobaXterm\slash\mx86_64b/usr/share/fonts/TTF/
(==) FontPath set to /usr/share/fonts/OTF/
(==) FontPath set to D:\Site01\Site01\MobaXterm\slash\mx86_64b/usr/share/fonts/OTF/
(==) FontPath set to /usr/share/fonts/Type1/
(==) FontPath set to D:\Site01\Site01\MobaXterm\slash\mx86_64b/usr/share/fonts/Type1/
(==) FontPath set to /usr/share/fonts/100dpi/
(==) FontPath set to D:\Site01\Site01\MobaXterm\slash\mx86_64b/usr/share/fonts/100dpi/
(==) FontPath set to /usr/share/fonts/75dpi/
(==) FontPath set to D:\Site01\Site01\MobaXterm\slash\mx86_64b/usr/share/fonts/75dpi/
(==) FontPath set to "D:\Site01\Site01\MobaXterm\slash\mx86_64b/usr/share/fonts/misc/,D:\Site01\Site01\MobaXterm\slash\mx86_64b/usr/share/fonts/TTF/,D:\Site01\Site01\MobaXterm\slash\mx86_64b/usr/share/fonts/OTF/,D:\Site01\Site01\MobaXterm\slash\mx86_64b/usr/share/fonts/Type1/,D:\Site01\Site01\MobaXterm\slash\mx86_64b/usr/share/fonts/100dpi/,D:\Site01\Site01\MobaXterm\slash\mx86_64b/usr/share/fonts/75dpi/"
(==) Setting XKEYSYMDB path to XKEYSYMDB=D:\Site01\Site01\MobaXterm\slash\mx86_64b\usr\share\X11\XKeysymDB
(==) Setting XERRORDB path to XERRORDB=D:\Site01\Site01\MobaXterm\slash\mx86_64b\usr\share\X11\XErrorDB
(==) Setting XLOCALEDIR path to XLOCALEDIR=D:\Site01\Site01\MobaXterm\slash\mx86_64b\usr\share\X11\locale
(==) Logfile set to "D:\Site01\Site01\MobaXterm\slash\mx86_64b\var\log\xwin\XWin.0.log"
(==) Setting XKB path to D:\Site01\Site01\MobaXterm\slash\mx86_64b\usr\share\X11\xkb
[513590.546] winUpdateDpi - primary monitor native DPI x 96 y 96
[513590.562] winDetectSupportedEngines - RemoteSession: no
[513590.593] winDetectSupportedEngines - DirectDraw4 installed, allowing ShadowDDNL
[513590.593] winDetectSupportedEngines - Returning, supported engines 00000005
[513590.593] winSetEngine - Multi Window or Rootless => ShadowGDI
[513590.593] winScreenInit - Using Windows display depth of 32 bits per pixel
[513590.609] winAllocateFBShadowGDI - Creating DIB with width: 1931 height: 1944 depth: 32
[513590.609] winFinishScreenInitFB - Masks: 00ff0000 0000ff00 000000ff
[513590.609] winInitVisualsShadowGDI - Masks 00ff0000 0000ff00 000000ff BPRGB 8 d 24 bpp 32
[513590.734] (II) IGLX: Loaded and initialized swrast
[513590.734] (II) GLX: Initialized DRISWRAST GL provider for screen 0
[513590.859] (II) [XKB]  "D:\Site01\Site01\MobaXterm\slash\mx86_64b\var\log\xwin\xkb_a14700" file successfully created.
[513590.859] (II) [XKB]  Launching xkbcomp.exe with the following command:
[513590.859] (II) [XKB]  "D:\Site01\Site01\MobaXterm\slash\mx86_64b\bin\xkbcomp_w32.exe" -w 1 "-RD:\Site01\Site01\MobaXterm\slash\mx86_64b\usr\share\X11\xkb" -xkm "D:\Site01\Site01\MobaXterm\slash\mx86_64b\var\log\xwin\xkb_a14700" -em1 "The XKEYBOARD keymap compiler (xkbcomp) reports:" -emp "> " -eml "Errors from xkbcomp are not fatal to the X server" "D:\Site01\Site01\MobaXterm\slash\mx86_64b\var\log\xwin\server-0.xkm"
[513590.859] (II) [XKB]  LaunchXkbComp(II) :  succeeded
[513655.812] (II) [XKB]  Successfully created keyboard mapping file "D:\Site01\Site01\MobaXterm\slash\mx86_64b\var\log\xwin\xkb_a14700"
[513655.859] winPointerWarpCursor - Discarding first warp: 965 972
[513655.859] (--) 8 mouse buttons found
[513655.859] (--) Setting autorepeat to delay=500, rate=31
[513655.859] (--) Windows keyboard layout: "00000416" (00000416) "Portuguese (Brazilian ABNT)", type 7
[513655.859] (--) Found matching XKB configuration "Portuguese (Brazil,ABNT)"
[513655.859] (--) Model = "pc105" Layout = "br" Variant = "none" Options = "none"
[513655.859] Rules = "base" Model = "pc105" Layout = "br" Variant = "none" Options = "none"
[513655.859] (II) [XKB]  "D:\Site01\Site01\MobaXterm\slash\mx86_64b\var\log\xwin\xkb_a14700" file successfully created.
[513655.859] (II) [XKB]  Launching xkbcomp.exe with the following command:
[513655.859] (II) [XKB]  "D:\Site01\Site01\MobaXterm\slash\mx86_64b\bin\xkbcomp_w32.exe" -w 1 "-RD:\Site01\Site01\MobaXterm\slash\mx86_64b\usr\share\X11\xkb" -xkm "D:\Site01\Site01\MobaXterm\slash\mx86_64b\var\log\xwin\xkb_a14700" -em1 "The XKEYBOARD keymap compiler (xkbcomp) reports:" -emp "> " -eml "Errors from xkbcomp are not fatal to the X server" "D:\Site01\Site01\MobaXterm\slash\mx86_64b\var\log\xwin\server-0.xkm"
[513655.859] (II) [XKB]  LaunchXkbComp(II) :  succeeded
[513655.984] (II) [XKB]  Successfully created keyboard mapping file "D:\Site01\Site01\MobaXterm\slash\mx86_64b\var\log\xwin\xkb_a14700"
[513656.062] winInitMultiWindowWM - DISPLAY=127.0.0.1:0.0
[513656.062] winMultiWindowXMsgProc - DISPLAY=127.0.0.1:0.0
[513656.062] winWindowProc - WM_EXITSIZEMOVE
[513656.062] winInitMultiWindowWM - xcb_connect () returned and successfully opened the display.
[513656.062] winProcEstablishConnection - winInitClipboard returned.
[513656.062] winClipboardThreadProc - DISPLAY=127.0.0.1:0.0
[513656.062] winMultiWindowXMsgProc - xcb_connect() returned and successfully opened the display.
[513656.062] winClipboardProc - xcb_connect () returned and successfully opened the display.
[513656.062] Using Composite redirection
